module: basic
  +--rw x
     +--rw y?     string
     +--rw foo?   string
