module basic {
  namespace "urn:basic";
  prefix basic;

  description
    "module -- I added this!";

  container x {
    description
      "container -- I added this!";
    leaf y {
      type string;
      description
        "-- I added this!";
    }
    leaf foo {
      type string;
    }
  }
}
