module: refine-bug
  +--rw root
     +--rw attr*   string
