a@2014-04-01.yang:21: error: CHK_LEAFREF_PATH_CHANGED
a@2014-04-01.yang:27: error: CHK_BASE_TYPE_CHANGED
a@2014-04-01.yang:74: error: CHK_NEW_MANDATORY
a@2014-04-01.yang:80: error: CHK_DEF_REMOVED
a@2014-04-01.yang:87: error: CHK_DEF_ADDED2
a@2014-04-01.yang:91: error: CHK_DEF_ADDED
a@2014-04-01.yang:117: error: CHK_DEF_ADDED
a@2014-04-01.yang:133: error: CHK_IMPLICIT_DEFAULT
a@2014-04-01.yang:160: error: CHK_DEF_ADDED
a@2014-04-01.yang:166: error: CHK_DEF_ADDED
a@2014-04-01.yang:167: error: CHK_DEF_ADDED
a@2014-04-01.yang:172: error: CHK_DEF_CHANGED
a@2014-04-01.yang:173: error: CHK_DEF_CHANGED
