c@2014-04-01.yang:13: error: CHK_BASE_TYPE_CHANGED
