h@2014-04-01.yang:1: error: CHK_DEF_REMOVED
h@2014-04-01.yang:1: error: CHK_DEF_REMOVED
h@2014-04-01.yang:1: error: CHK_DEF_REMOVED
