i@2014-04-01.yang:1: error: CHK_DEF_REMOVED
i@2014-04-01.yang:1: error: CHK_DEF_REMOVED
i@2014-04-01.yang:1: error: CHK_DEF_REMOVED
i@2014-04-01.yang:1: error: CHK_DEF_REMOVED
i@2014-04-01.yang:1: error: CHK_DEF_REMOVED
i@2014-04-01.yang:1: error: CHK_DEF_REMOVED
i@2014-04-01.yang:24: error: CHK_INVALID_STATUS
i-sub.yang:14: error: CHK_INVALID_STATUS
i-sub.yang:19: error: CHK_DEF_REMOVED
i-sub.yang:24: error: CHK_RESTRICTION_CHANGED
