j@2014-04-01.yang:9: error: CHK_ENUM_VALUE_CHANGED_v1.1
