k@2014-04-01.yang:1: warning: WBAD_REVISION
k@2014-04-01.yang:1: error: CHK_BAD_REVISION
