xt9.yang:4: error: UNEXPECTED_KEYWORD_CANONICAL_1_v1.1
xt9.yang:5: error: UNEXPECTED_KEYWORD_CANONICAL_v1.1
xt9.yang:10: error: UNEXPECTED_KEYWORD_CANONICAL_v1.1
xt9.yang:16: error: UNEXPECTED_KEYWORD_CANONICAL_1_v1.1
xt9.yang:17: error: UNEXPECTED_KEYWORD_CANONICAL_v1.1
xt9.yang:24: error: UNEXPECTED_KEYWORD_CANONICAL_v1.1
