module: b
  +--rw a {foo and not bar or a:foo}?
  +--rw b {foo and not bar}?
  +--rw d {not bar and a:fox}?
