a.yang:27: error: XPATH_FUNCTION_RET_VAL
a.yang:28: warning: XPATH_NODE_NOT_FOUND1
a.yang:32: warning: XPATH_NODE_NOT_FOUND2
a.yang:58: error: XPATH_SYNTAX_ERROR
a.yang:63 (at a.yang:59): warning: XPATH_NODE_NOT_FOUND1
a.yang:60: error: XPATH_SYNTAX_ERROR
as.yang:9 (at b.yang:7): warning: XPATH_NODE_NOT_FOUND2
