as.yang:9 (at b.yang:7): warning: XPATH_NODE_NOT_FOUND2
