bugs-from-ietf-modules.yang:12: warning: XPATH_NODE_NOT_FOUND2
bugs-from-ietf-modules.yang:27: warning: XPATH_NODE_NOT_FOUND1
bugs-from-ietf-modules.yang:27: warning: XPATH_NODE_NOT_FOUND1
