# module search path: .:_ROOT_/modules_SYSPATH_
# read a.yang (CL)
# read b.yang
