# module search path: .:_ROOT_/modules_SYSPATH_
# read b.yang (CL)
