error access.yang: [Errno 13] Permission denied: 'access.yang'
