a.yang:5: warning: UNUSED_IMPORT
a.yang:10: error: TYPE_ALREADY_DEFINED
a.yang:12: error: CIRCULAR_DEPENDENCY
a.yang:14: error: CIRCULAR_DEPENDENCY
a.yang:16: error: CIRCULAR_DEPENDENCY
a.yang:37: error: BAD_RESTRICTION
a.yang:48: error: TYPE_VALUE
a.yang:59: error: TYPE_VALUE
a.yang:66: error: DUPLICATE_ENUM_VALUE
a.yang:68: error: BAD_VALUE
a.yang:69: error: BAD_VALUE
a.yang:70: error: BAD_VALUE
a.yang:71: error: DUPLICATE_ENUM_NAME
a.yang:83: error: DUPLICATE_BIT_POSITION
a.yang:99: error: BAD_TYPE_IN_UNION
a.yang:106: error: BAD_TYPE_IN_UNION
a.yang:124: error: LEAFREF_IDENTIFIER_NOT_FOUND
a.yang:129: error: LEAFREF_BAD_PREDICATE_PTR
a.yang:139: error: DUPLICATE_CHILD_NAME
a.yang:143: error: CIRCULAR_DEPENDENCY
a.yang:147: error: GROUPING_NOT_FOUND
a.yang:152: error: ENUM_VALUE
a.yang:162: error: ENUM_VALUE
a.yang:172: error: TYPE_VALUE
a.yang:183: error: TYPE_VALUE
a.yang:188: error: TYPE_VALUE
b.yang:5: error: CIRCULAR_DEPENDENCY
d.yang:31: error: DUPLICATE_CHILD_NAME
d.yang:35: error: DUPLICATE_CHILD_NAME
d.yang:39: error: DUPLICATE_CHILD_NAME
d.yang:47: error: DUPLICATE_CHILD_NAME
d.yang:56: error: DUPLICATE_CHILD_NAME
d.yang:59: error: DUPLICATE_CHILD_NAME
d.yang:62: error: DUPLICATE_CHILD_NAME
d.yang:64: error: TYPE_VALUE
d.yang:66: error: MULTIPLE_REFINE
d.yang:70: error: DUPLICATE_CHILD_NAME
d.yang:73: error: DEFAULT_AND_MANDATORY
d.yang:79: error: UNEXPECTED_KEYWORD
e.yang:14: warning: UNUSED_TYPEDEF
e.yang:17: warning: UNUSED_GROUPING
e.yang:28: warning: XPATH_NODE_NOT_FOUND1
e.yang:64: error: INVALID_CONFIG
e.yang:69: error: BAD_NODE_IN_AUGMENT
e.yang:76: error: BAD_NODE_IN_AUGMENT
e.yang:82: error: NODE_NOT_FOUND
e.yang:100: error: PREFIX_NOT_DEFINED
f.yang:11: error: NEED_KEY
f.yang:25: error: INVALID_CONFIG
f.yang:36: error: BAD_TYPE_IN_KEY
f.yang:38: error: BAD_UNIQUE_PART
