d.yang:31: error: DUPLICATE_CHILD_NAME
d.yang:35: error: DUPLICATE_CHILD_NAME
d.yang:39: error: DUPLICATE_CHILD_NAME
d.yang:47: error: DUPLICATE_CHILD_NAME
d.yang:56: error: DUPLICATE_CHILD_NAME
d.yang:59: error: DUPLICATE_CHILD_NAME
d.yang:62: error: DUPLICATE_CHILD_NAME
d.yang:64: error: TYPE_VALUE
d.yang:66: error: MULTIPLE_REFINE
d.yang:70: error: DUPLICATE_CHILD_NAME
d.yang:73: error: DEFAULT_AND_MANDATORY
d.yang:79: error: UNEXPECTED_KEYWORD
e.yang:14: warning: UNUSED_TYPEDEF
e.yang:17: warning: UNUSED_GROUPING
e.yang:64: error: INVALID_CONFIG
e.yang:69: error: BAD_NODE_IN_AUGMENT
e.yang:76: error: BAD_NODE_IN_AUGMENT
e.yang:82: error: NODE_NOT_FOUND
e.yang:100: error: PREFIX_NOT_DEFINED
f.yang:11: error: NEED_KEY
f.yang:25: error: INVALID_CONFIG
f.yang:36: error: BAD_TYPE_IN_KEY
f.yang:38: error: BAD_UNIQUE_PART
