error dir.yang: [Errno 21] Is a directory: 'dir.yang'
