error enc.yang: 'utf-8' codec can't decode byte 0x92 in position 78: invalid start byte
