list2.yang:9: error: MANDATORY_NODE_IN_DEFAULT_CASE
list2.yang:13: error: MANDATORY_NODE_IN_DEFAULT_CASE
list2.yang:20: error: MANDATORY_NODE_IN_DEFAULT_CASE
list2.yang:23: error: MANDATORY_NODE_IN_DEFAULT_CASE
list2.yang:27: error: MANDATORY_NODE_IN_DEFAULT_CASE
list2.yang:30: error: MANDATORY_NODE_IN_DEFAULT_CASE
list2.yang:34: error: MANDATORY_NODE_IN_DEFAULT_CASE
