new.yang:12: error: UNEXPECTED_KEYWORD
new.yang:18: error: UNEXPECTED_KEYWORD
new.yang:25: error: UNEXPECTED_KEYWORD
new.yang:30: error: BAD_VALUE
new.yang:37: error: UNEXPECTED_KEYWORD
new.yang:42: error: UNEXPECTED_KEYWORD
new.yang:49: error: UNEXPECTED_KEYWORD
new.yang:55: error: UNEXPECTED_KEYWORD
new.yang:61: error: UNEXPECTED_KEYWORD
new.yang:68: error: UNEXPECTED_KEYWORD
new.yang:74: error: XPATH_FUNCTION
new.yang:75: error: STRICT_XPATH_FUNCTION
new.yang:76: error: XPATH_FUNCTION
new.yang:77: error: XPATH_FUNCTION
new.yang:78: error: XPATH_FUNCTION
new.yang:79: error: XPATH_FUNCTION
new.yang:85: error: UNEXPECTED_KEYWORD
new.yang:97: error: BAD_RESTRICTION
new.yang:103: error: UNEXPECTED_KEYWORD
new.yang:104: error: UNEXPECTED_KEYWORD
new.yang:107: error: UNEXPECTED_KEYWORD
new.yang:108: error: UNEXPECTED_KEYWORD
new.yang:109: error: UNEXPECTED_KEYWORD
new.yang:112: error: BAD_TYPE_IN_UNION
new.yang:118: error: BAD_TYPE_IN_UNION
new.yang:127: error: BAD_TYPE_IN_KEY
new.yang:135: error: LEAFREF_IDENTIFIER_NOT_FOUND
new.yang:142: error: BAD_RESTRICTION
new.yang:149: error: UNEXPECTED_KEYWORD
