nomod.yang:1: warning: WBAD_MODULE_NAME
nomod.yang:1: error: UNEXPECTED_KEYWORD_N
