noname.yang:1: warning: WBAD_MODULE_NAME
noname.yang:1: error: EXPECTED_ARGUMENT
