quoted-string-1.0.yang:11: warning: ILLEGAL_ESCAPE_WARN
