r.yang:9: error: RESTCONF_YANG_DATA_CHILD
r.yang:26: error: RESTCONF_YANG_DATA_CHILD
