smi1.yang:10: error: MODULE_NOT_FOUND
smi1.yang:21: error: BAD_VALUE
smi1.yang:26: error: UNEXPECTED_KEYWORD
smi1.yang:32: error: SMIv2_BAD_SUBID
