tr261.yang:13 (at tr261.yang:6): error: DEFAULT_AND_MANDATORY
