xt1.yang:4: warning: UNUSED_IMPORT
xt1.yang:6: warning: UNUSED_IMPORT
xt1.yang:16: warning: REVISION_ORDER
xt1.yang:24: error: BAD_TYPE_NAME
xt1.yang:82: error: TYPE_VALUE
xt1.yang:128: error: DUPLICATE_CHILD_NAME
xt1.yang:168 (at xt1.yang:140): error: DEFAULT_CASE_NOT_FOUND
xt1.yang:175: error: BAD_UNIQUE_PART_LIST
xt1.yang:178: warning: KEY_HAS_DEFAULT
xt1.yang:196: error: DUPLICATE_CHILD_NAME
xt1.yang:206: error: DUPLICATE_CHILD_NAME
xt1.yang:216: error: NEED_KEY_USES
xt1.yang:226: error: RANGE_BOUNDS
xt1.yang:232: error: RANGE_BOUNDS
xt1.yang:246: error: EXPECTED_KEYWORD_2
xt1.yang:265: error: TYPE_VALUE
xt1.yang:271: error: TYPE_VALUE
xt1.yang:275: error: TYPE_VALUE
xt1.yang:285: error: NODE_NOT_FOUND
xt1.yang:305: error: NODE_NOT_FOUND
xt1.yang:311: error: DUPLICATE_CHILD_NAME
xt1.yang:320: error: BAD_VALUE
xt1.yang:329: error: BAD_VALUE
xt1.yang:338: warning: UNIQUE_IS_KEY
xt1.yang:339: error: BAD_UNIQUE_CONFIG
xt1s1.yang:7: error: PREFIX_NOT_DEFINED
xt1s2.yang:2: error: BAD_SUB_BELONGS_TO
xt2.yang:2: error: BAD_VALUE
xt3.yang:4: error: UNEXPECTED_KEYWORD_1
xt4.yang:16: error: TYPE_VALUE
xt4.yang:24: error: TYPE_VALUE
xt4.yang:36: error: BAD_RESTRICTION
xt4.yang:43: error: BAD_RESTRICTION
xt4.yang:66: error: TYPE_VALUE
xt4.yang:72: error: BAD_DEVIATE_ADD
xt4.yang:78: error: BAD_DEVIATE_TYPE
xt4.yang:84: warning: XPATH_NODE_NOT_FOUND1
