xt3.yang:4: error: UNEXPECTED_KEYWORD_1
xt4.yang:16: error: TYPE_VALUE
xt4.yang:24: error: TYPE_VALUE
xt4.yang:36: error: BAD_RESTRICTION
xt4.yang:64: error: TYPE_VALUE
xt4.yang:70: error: BAD_DEVIATE_ADD
xt4.yang:76: error: BAD_DEVIATE_TYPE
xt4.yang:82: error: BAD_DEVIATE_DEL
