yang11-dupleaflist.yang:8: error: DUPLICATE_DEFAULT
