yt1.yang:22: error: TYPE_VALUE
yt1.yang:38: error: TYPE_VALUE
yt1.yang:74: error: TYPE_VALUE
yt1.yang:82: error: TYPE_VALUE
